
Allocating common symbols
Common symbol       size              file

netbufpool          0x4               binaries/net.o
fb_y                0x4               binaries/fbflush.o
readylist           0x2               binaries/ready.o
rfltab              0x5a0             binaries/rflinit.o
netportseed         0x8               binaries/net.o
sleepq              0x2               binaries/clkinit.o
fb_mutex            0x4               binaries/fbflush.o
nnames              0x4               binaries/naminit.o
udptab              0x168             binaries/udp.o
minheap             0x4               binaries/meminit.o
marks               0x50              binaries/mark.o
cursor_col          0x4               binaries/fbflush.o
currpid             0x4               binaries/initialize.o
Lf_data             0x20c             binaries/lfsinit.o
porttab             0x2d0             binaries/ptinit.o
girmask             0x2               binaries/evec.o
ttytab              0x110             binaries/ttyinit.o
proctab             0x15e0            binaries/initialize.o
prcount             0x4               binaries/initialize.o
lfltab              0xc80             binaries/lflinit.o
rdstab              0x8c              binaries/rdsinit.o
ethertab            0x130             binaries/ethinit.o
cursor_row          0x4               binaries/fbflush.o
fb_x                0x4               binaries/fbflush.o
NetData             0xb0              binaries/net.o
nmarks              0x4               binaries/mark.o
initsp              0x4               binaries/i386.o
Defer               0x8               binaries/resched.o
semtab              0x4b0             binaries/initialize.o
maxheap             0x4               binaries/meminit.o
preempt             0x4               binaries/clkinit.o
buftab              0xf0              binaries/bufinit.o
Rf_data             0x18              binaries/rfsinit.o
mkmutex             0x4               binaries/mark.o
framebuffer         0x100             binaries/fbinit.o
clktime             0x4               binaries/clkinit.o
arpcache            0x140             binaries/arp.o
icmptab             0x230             binaries/icmp.o
nbpools             0x4               binaries/bufinit.o
queuetab            0x980             binaries/queue.o
ptnextid            0x4               binaries/ptinit.o
Ram                 0x19000           binaries/raminit.o
ipoqueue            0x2c              binaries/ip.o
memlist             0x8               binaries/initialize.o
nametab             0x19a0            binaries/naminit.o
ptfree              0x4               binaries/ptinit.o

Memory Configuration

Name             Origin             Length             Attributes
*default*        0x0000000000000000 0xffffffffffffffff

Linker script and memory map

                0x0000000000100000                physbase = 0x100000
                0x0000000000100000                . = physbase
                0x0000000000100000                . = ALIGN (0x1000)

.text           0x0000000000100000    0x1b000
                0x0000000000100000                text = ABSOLUTE (.)
 *(.text .text.*)
 .text          0x0000000000100000      0x165 binaries/start.o
                0x0000000000100020                entry
                0x000000000010003d                start
                0x00000000001000a5                inb
                0x00000000001000ad                inw
                0x00000000001000b6                inl
                0x00000000001000be                outb
                0x00000000001000c8                outw
                0x00000000001000d3                outl
                0x00000000001000dd                _rtcin
                0x00000000001000e8                ___udivsi3
                0x00000000001000f3                ___divsi3
                0x00000000001000ff                sbzero
                0x000000000010010f                bcopy
                0x0000000000100123                insw
                0x0000000000100139                outsw
                0x000000000010014f                lidt
                0x0000000000100157                jumptocode
                0x000000000010015e                jumptobootcode
 .text          0x0000000000100165      0x3e3 binaries/ascdate.o
                0x0000000000100165                ascdate
 .text          0x0000000000100548       0x14 binaries/bufinit.o
                0x0000000000100548                bufinit
 .text          0x000000000010055c       0x94 binaries/chprio.o
                0x000000000010055c                chprio
 .text          0x00000000001005f0       0x96 binaries/clkhandler.o
                0x00000000001005f0                clkhandler
 .text          0x0000000000100686       0x7e binaries/clkinit.o
                0x0000000000100686                clkinit
 .text          0x0000000000100704       0x75 binaries/close.o
                0x0000000000100704                close
 .text          0x0000000000100779        0x0 binaries/conf.o
 .text          0x0000000000100779       0x7b binaries/control.o
                0x0000000000100779                control
 .text          0x00000000001007f4      0x2c0 binaries/create.o
                0x00000000001007f4                create
 .text          0x0000000000100ab4      0x359 binaries/evec.o
                0x0000000000100ab4                initevec
                0x0000000000100b0b                set_evec
                0x0000000000100bad                trap
 .text          0x0000000000100e0d       0x19 binaries/exit.o
                0x0000000000100e0d                exit
 .text          0x0000000000100e26       0x8c binaries/freebuf.o
                0x0000000000100e26                freebuf
 .text          0x0000000000100eb2      0x172 binaries/freemem.o
                0x0000000000100eb2                freemem
 .text          0x0000000000101024       0x8a binaries/getbuf.o
                0x0000000000101024                getbuf
 .text          0x00000000001010ae       0x75 binaries/getc.o
                0x00000000001010ae                getc
 .text          0x0000000000101123       0x74 binaries/getdev.o
                0x0000000000101123                getdev
 .text          0x0000000000101197       0xd0 binaries/getitem.o
                0x0000000000101197                getfirst
                0x00000000001011dc                getlast
                0x0000000000101223                getitem
 .text          0x0000000000101267      0x10a binaries/getmem.o
                0x0000000000101267                getmem
 .text          0x0000000000101371        0xa binaries/getpid.o
                0x0000000000101371                getpid
 .text          0x000000000010137b       0x7d binaries/getprio.o
                0x000000000010137b                getprio
 .text          0x00000000001013f8       0xfb binaries/getstk.o
                0x00000000001013f8                getstk
 .text          0x00000000001014f3       0x16 binaries/getticks.o
                0x00000000001014f3                getticks
 .text          0x0000000000101509       0x3a binaries/gettime.o
                0x0000000000101509                gettime
 .text          0x0000000000101543      0x1e4 binaries/getutime.o
                0x0000000000101543                getutime
 .text          0x0000000000101727      0x3c5 binaries/i386.o
                0x0000000000101727                setsegs
                0x0000000000101839                init8259
                0x00000000001018eb                pseg
                0x0000000000101a93                setirmask
 .text          0x0000000000101aec       0x75 binaries/init.o
                0x0000000000101aec                init
 .text          0x0000000000101b61      0x3cd binaries/initialize.o
                0x0000000000101b61                nulluser
                0x0000000000101ed5                stop
                0x0000000000101f00                delay
 .text          0x0000000000101f2e       0xde binaries/insert.o
                0x0000000000101f2e                insert
 .text          0x000000000010200c      0x110 binaries/insertd.o
                0x000000000010200c                insertd
 .text          0x000000000010211c        0xa binaries/ioerr.o
                0x000000000010211c                ioerr
 .text          0x0000000000102126        0xa binaries/ionull.o
                0x0000000000102126                ionull
 .text          0x0000000000102130      0x19d binaries/kill.o
                0x0000000000102130                kill
 .text          0x00000000001022cd      0x14e binaries/kprintf.o
                0x00000000001022cd                kputc
                0x0000000000102360                kgetc
                0x00000000001023f1                kprintf
 .text          0x000000000010241b       0xa5 binaries/main.o
                0x000000000010241b                main
 .text          0x00000000001024c0       0xb5 binaries/mark.o
                0x00000000001024c0                markinit
                0x00000000001024e4                mark
 .text          0x0000000000102575       0xcc binaries/meminit.o
                0x0000000000102575                meminit
 .text          0x0000000000102641      0x174 binaries/mkbufpool.o
                0x0000000000102641                mkbufpool
 .text          0x00000000001027b5       0x18 binaries/myhello.o
                0x00000000001027b5                myhello
 .text          0x00000000001027cd       0x94 binaries/newqueue.o
                0x00000000001027cd                newqueue
 .text          0x0000000000102861       0x7b binaries/open.o
                0x0000000000102861                open
 .text          0x00000000001028dc       0x20 binaries/panic.o
                0x00000000001028dc                panic
 .text          0x00000000001028fc      0x489 binaries/pci.o
                0x00000000001028fc                pci_init
                0x0000000000102bb9                find_pci_device
                0x0000000000102c07                pci_bios_read_config_byte
                0x0000000000102c46                pci_bios_read_config_word
                0x0000000000102c88                pci_bios_read_config_dword
                0x0000000000102cc7                pci_bios_write_config_byte
                0x0000000000102d08                pci_bios_write_config_word
                0x0000000000102d4a                pci_bios_write_config_dword
 .text          0x0000000000102d85       0xf1 binaries/ptclear.o
                0x0000000000102d85                _ptclear
 .text          0x0000000000102e76       0x9d binaries/ptcount.o
                0x0000000000102e76                ptcount
 .text          0x0000000000102f13      0x116 binaries/ptcreate.o
                0x0000000000102f13                ptcreate
 .text          0x0000000000103029       0x7f binaries/ptdelete.o
                0x0000000000103029                ptdelete
 .text          0x00000000001030a8       0xbf binaries/ptinit.o
                0x00000000001030a8                ptinit
 .text          0x0000000000103167      0x11b binaries/ptrecv.o
                0x0000000000103167                ptrecv
 .text          0x0000000000103282       0x77 binaries/ptreset.o
                0x0000000000103282                ptreset
 .text          0x00000000001032f9      0x13d binaries/ptsend.o
                0x00000000001032f9                ptsend
 .text          0x0000000000103436       0x80 binaries/putc.o
                0x0000000000103436                putc
 .text          0x00000000001034b6      0x111 binaries/queue.o
                0x00000000001034b6                enqueue
                0x000000000010355a                dequeue
 .text          0x00000000001035c7       0x7b binaries/read.o
                0x00000000001035c7                read
 .text          0x0000000000103642       0x7e binaries/ready.o
                0x0000000000103642                ready
 .text          0x00000000001036c0       0x62 binaries/receive.o
                0x00000000001036c0                receive
 .text          0x0000000000103722       0x5e binaries/recvclr.o
                0x0000000000103722                recvclr
 .text          0x0000000000103780       0xbd binaries/recvtime.o
                0x0000000000103780                recvtime
 .text          0x000000000010383d      0x16c binaries/resched.o
                0x000000000010383d                resched
                0x0000000000103934                resched_cntl
 .text          0x00000000001039a9       0xb1 binaries/resume.o
                0x00000000001039a9                resume
 .text          0x0000000000103a5a       0x79 binaries/seek.o
                0x0000000000103a5a                seek
 .text          0x0000000000103ad3       0x70 binaries/semcount.o
                0x0000000000103ad3                semcount
 .text          0x0000000000103b43       0xd6 binaries/semcreate.o
                0x0000000000103b43                semcreate
 .text          0x0000000000103c19       0xcd binaries/semdelete.o
                0x0000000000103c19                semdelete
 .text          0x0000000000103ce6       0xcb binaries/semreset.o
                0x0000000000103ce6                semreset
 .text          0x0000000000103db1       0xed binaries/send.o
                0x0000000000103db1                send
 .text          0x0000000000103e9e       0xa8 binaries/signal.o
                0x0000000000103e9e                signal
 .text          0x0000000000103f46       0xd6 binaries/signaln.o
                0x0000000000103f46                signaln
 .text          0x000000000010401c       0xed binaries/sleep.o
                0x000000000010401c                sleep
                0x000000000010406a                sleepms
 .text          0x0000000000104109      0x192 binaries/stacktrace.o
                0x0000000000104109                stacktrace
 .text          0x000000000010429b       0xe7 binaries/suspend.o
                0x000000000010429b                suspend
 .text          0x0000000000104382       0xe9 binaries/unsleep.o
                0x0000000000104382                unsleep
 .text          0x000000000010446b       0x19 binaries/userret.o
                0x000000000010446b                userret
 .text          0x0000000000104484       0xdd binaries/wait.o
                0x0000000000104484                wait
 .text          0x0000000000104561       0x72 binaries/wakeup.o
                0x0000000000104561                wakeup
 .text          0x00000000001045d3       0x7b binaries/write.o
                0x00000000001045d3                write
 .text          0x000000000010464e       0x1d binaries/xdone.o
                0x000000000010464e                xdone
 .text          0x000000000010466b       0x28 binaries/yield.o
                0x000000000010466b                yield
 .text          0x0000000000104693       0x11 binaries/abs.o
                0x0000000000104693                abs
 .text          0x00000000001046a4       0x8f binaries/atoi.o
                0x00000000001046a4                atoi
 .text          0x0000000000104733       0x8f binaries/atol.o
                0x0000000000104733                atol
 .text          0x00000000001047c2       0x31 binaries/bzero.o
                0x00000000001047c2                bzero
 .text          0x00000000001047f3        0x0 binaries/ctype_.o
 .text          0x00000000001047f3      0x8ed binaries/doprnt.o
                0x00000000001047f3                _doprnt
 .text          0x00000000001050e0      0x65c binaries/doscan.o
                0x00000000001050e0                _doscan
 .text          0x000000000010573c      0x711 binaries/fdoprnt.o
                0x000000000010573c                _fdoprnt
 .text          0x0000000000105e4d       0x29 binaries/fgetc.o
                0x0000000000105e4d                fgetc
 .text          0x0000000000105e76       0x75 binaries/fgets.o
                0x0000000000105e76                fgets
 .text          0x0000000000105eeb       0x2a binaries/fprintf.o
                0x0000000000105eeb                fprintf
 .text          0x0000000000105f15       0x2c binaries/fputc.o
                0x0000000000105f15                fputc
 .text          0x0000000000105f41       0x43 binaries/fputs.o
                0x0000000000105f41                fputs
 .text          0x0000000000105f84       0x8a binaries/fscanf.o
                0x0000000000105f84                fscanf
 .text          0x000000000010600e       0x32 binaries/getchar.o
                0x000000000010600e                getchar
 .text          0x0000000000106040       0x11 binaries/labs.o
                0x0000000000106040                labs
 .text          0x0000000000106051        0x0 binaries/memchr.o
 .text          0x0000000000106051       0x51 binaries/memcmp.o
                0x0000000000106051                memcmp
 .text          0x00000000001060a2       0x3f binaries/memcpy.o
                0x00000000001060a2                memcpy
 .text          0x00000000001060e1       0x30 binaries/memset.o
                0x00000000001060e1                memset
 .text          0x0000000000106111       0x48 binaries/printf.o
                0x0000000000106111                printf
 .text          0x0000000000106159       0x35 binaries/putchar.o
                0x0000000000106159                putchar
 .text          0x000000000010618e      0x27e binaries/qsort.o
                0x000000000010618e                qsort
 .text          0x000000000010640c       0x63 binaries/rand.o
                0x000000000010640c                rand
                0x0000000000106424                rand_r
                0x0000000000106462                srand
 .text          0x000000000010646f       0x66 binaries/sprintf.o
                0x000000000010646f                sprintf
 .text          0x00000000001064d5       0x70 binaries/sscanf.o
                0x00000000001064d5                sscanf
 .text          0x0000000000106545       0x3c binaries/strchr.o
                0x0000000000106545                strchr
 .text          0x0000000000106581       0x45 binaries/strcmp.o
                0x0000000000106581                strcmp
 .text          0x00000000001065c6       0x27 binaries/strcpy.o
                0x00000000001065c6                strcpy
 .text          0x00000000001065ed       0x26 binaries/strlen.o
                0x00000000001065ed                strlen
 .text          0x0000000000106613       0x56 binaries/strncat.o
                0x0000000000106613                strncat
 .text          0x0000000000106669       0x5f binaries/strncmp.o
                0x0000000000106669                strncmp
 .text          0x00000000001066c8       0x4f binaries/strncpy.o
                0x00000000001066c8                strncpy
 .text          0x0000000000106717       0x2e binaries/strnlen.o
                0x0000000000106717                strnlen
 .text          0x0000000000106745       0x45 binaries/strrchr.o
                0x0000000000106745                strrchr
 .text          0x000000000010678a       0x6d binaries/strstr.o
                0x000000000010678a                strstr
 .text          0x00000000001067f7       0xe4 binaries/ttycontrol.o
                0x00000000001067f7                ttycontrol
 .text          0x00000000001068db       0x97 binaries/ttygetc.o
                0x00000000001068db                ttygetc
 .text          0x0000000000106972      0x6ee binaries/ttyhandle_in.o
                0x0000000000106972                ttyhandle_in
 .text          0x0000000000107060      0x1ae binaries/ttyhandle_out.o
                0x0000000000107060                ttyhandle_out
 .text          0x000000000010720e       0xce binaries/ttyhandler.o
                0x000000000010720e                ttyhandler
 .text          0x00000000001072dc      0x22f binaries/ttyinit.o
                0x00000000001072dc                ttyinit
 .text          0x000000000010750b       0x1b binaries/ttykickout.o
                0x000000000010750b                ttykickout
 .text          0x0000000000107526       0xb7 binaries/ttyputc.o
                0x0000000000107526                ttyputc
 .text          0x00000000001075dd      0x11b binaries/ttyread.o
                0x00000000001075dd                ttyread
 .text          0x00000000001076f8       0x4f binaries/ttywrite.o
                0x00000000001076f8                ttywrite
 .text          0x0000000000107747      0x14b binaries/mount.o
                0x0000000000107747                mount
                0x000000000010785c                namlen
 .text          0x0000000000107892      0x1ea binaries/naminit.o
                0x0000000000107892                naminit
 .text          0x0000000000107a7c      0x211 binaries/nammap.o
                0x0000000000107a7c                nammap
                0x0000000000107b07                namrepl
                0x0000000000107c3d                namcpy
 .text          0x0000000000107c8d       0x4e binaries/namopen.o
                0x0000000000107c8d                namopen
 .text          0x0000000000107cdb      0xec3 binaries/82545EMInit.o
                0x0000000000107d39                _82545EMInit
                0x0000000000108a0a                _82545EM_read_phy_reg
                0x0000000000108ad0                _82545EM_write_phy_reg
 .text          0x0000000000108b9e      0x241 binaries/ethcontrol.o
                0x0000000000108bfc                ethcontrol
                0x0000000000108d72                ethIrqDisable
                0x0000000000108da7                ethIrqEnable
 .text          0x0000000000108ddf      0x252 binaries/ethhandler.o
                0x0000000000108f4f                ethhandler
 .text          0x0000000000109031      0x126 binaries/ethinit.o
                0x0000000000109031                ethinit
 .text          0x0000000000109157      0x1f4 binaries/ethread.o
                0x00000000001091b5                ethread
 .text          0x000000000010934b      0x19f binaries/ethwrite.o
                0x00000000001093a9                ethwrite
 .text          0x00000000001094ea       0x9e binaries/rdsbufalloc.o
                0x00000000001094ea                rdsbufalloc
 .text          0x0000000000109588       0xcc binaries/rdsclose.o
                0x0000000000109588                rdsclose
 .text          0x0000000000109654      0x2e8 binaries/rdscomm.o
                0x0000000000109654                rdscomm
 .text          0x000000000010993c      0x233 binaries/rdscontrol.o
                0x000000000010993c                rdscontrol
 .text          0x0000000000109b6f      0x1f3 binaries/rdsinit.o
                0x0000000000109b6f                rdsinit
 .text          0x0000000000109d62      0x19b binaries/rdsopen.o
                0x0000000000109d62                rdsopen
 .text          0x0000000000109efd      0x461 binaries/rdsprocess.o
                0x0000000000109efd                rdsprocess
 .text          0x000000000010a35e      0x259 binaries/rdsread.o
                0x000000000010a35e                rdsread
 .text          0x000000000010a5b7      0x1fe binaries/rdswrite.o
                0x000000000010a5b7                rdswrite
 .text          0x000000000010a7b5        0xa binaries/ramclose.o
                0x000000000010a7b5                ramclose
 .text          0x000000000010a7bf       0x3e binaries/raminit.o
                0x000000000010a7bf                raminit
 .text          0x000000000010a7fd        0xa binaries/ramopen.o
                0x000000000010a7fd                ramopen
 .text          0x000000000010a807       0x32 binaries/ramread.o
                0x000000000010a807                ramread
 .text          0x000000000010a839       0x32 binaries/ramwrite.o
                0x000000000010a839                ramwrite
 .text          0x000000000010a86b       0x98 binaries/lfdballoc.o
                0x000000000010a86b                lfdballoc
 .text          0x000000000010a903       0x58 binaries/lfdbfree.o
                0x000000000010a903                lfdbfree
 .text          0x000000000010a95b       0xb6 binaries/lfflush.o
                0x000000000010a95b                lfflush
 .text          0x000000000010aa11       0xd8 binaries/lfgetmode.o
                0x000000000010aa11                lfgetmode
 .text          0x000000000010aae9       0x68 binaries/lfiballoc.o
                0x000000000010aae9                lfiballoc
 .text          0x000000000010ab51       0x3b binaries/lfibclear.o
                0x000000000010ab51                lfibclear
 .text          0x000000000010ab8c       0xad binaries/lfibget.o
                0x000000000010ab8c                lfibget
 .text          0x000000000010ac39       0xdc binaries/lfibput.o
                0x000000000010ac39                lfibput
 .text          0x000000000010ad15       0xa2 binaries/lflclose.o
                0x000000000010ad15                lflclose
 .text          0x000000000010adb7       0xd0 binaries/lflcontrol.o
                0x000000000010adb7                lflcontrol
 .text          0x000000000010ae87       0xf2 binaries/lflgetc.o
                0x000000000010ae87                lflgetc
 .text          0x000000000010af79       0xf1 binaries/lflinit.o
                0x000000000010af79                lflinit
 .text          0x000000000010b06a      0x122 binaries/lflputc.o
                0x000000000010b06a                lflputc
 .text          0x000000000010b18c       0x70 binaries/lflread.o
                0x000000000010b18c                lflread
 .text          0x000000000010b1fc       0xac binaries/lflseek.o
                0x000000000010b1fc                lflseek
 .text          0x000000000010b2a8       0x55 binaries/lflwrite.o
                0x000000000010b2a8                lflwrite
 .text          0x000000000010b2fd       0x62 binaries/lfscheck.o
                0x000000000010b2fd                lfscheck
 .text          0x000000000010b35f      0x175 binaries/lfsckfmt.o
                0x000000000010b35f                lfsckfmt
 .text          0x000000000010b4d4      0x1ad binaries/lfscreate.o
                0x000000000010b4d4                lfscreate
 .text          0x000000000010b681      0x278 binaries/lfsetup.o
                0x000000000010b681                lfsetup
 .text          0x000000000010b8f9       0x51 binaries/lfsinit.o
                0x000000000010b8f9                lfsinit
 .text          0x000000000010b94a      0x3c0 binaries/lfsopen.o
                0x000000000010b94a                lfsopen
 .text          0x000000000010bd0a      0x15e binaries/lftruncate.o
                0x000000000010bd0a                lftruncate
 .text          0x000000000010be68       0x71 binaries/rflclose.o
                0x000000000010be68                rflclose
 .text          0x000000000010bed9       0x32 binaries/rflgetc.o
                0x000000000010bed9                rflgetc
 .text          0x000000000010bf0b       0x76 binaries/rflinit.o
                0x000000000010bf0b                rflinit
 .text          0x000000000010bf81       0x33 binaries/rflputc.o
                0x000000000010bf81                rflputc
 .text          0x000000000010bfb4      0x360 binaries/rflread.o
                0x000000000010bfb4                rflread
 .text          0x000000000010c314       0x74 binaries/rflseek.o
                0x000000000010c314                rflseek
 .text          0x000000000010c388      0x34d binaries/rflwrite.o
                0x000000000010c388                rflwrite
 .text          0x000000000010c6d5      0x1e2 binaries/rfscomm.o
                0x000000000010c6d5                rfscomm
 .text          0x000000000010c8b7      0x26d binaries/rfscontrol.o
                0x000000000010c8b7                rfscontrol
 .text          0x000000000010cb24       0xd8 binaries/rfsgetmode.o
                0x000000000010cb24                rfsgetmode
 .text          0x000000000010cbfc       0x86 binaries/rfsinit.o
                0x000000000010cbfc                rfsinit
 .text          0x000000000010cc82      0x111 binaries/rfsndmsg.o
                0x000000000010cc82                rfsndmsg
 .text          0x000000000010cd93      0x2aa binaries/rfsopen.o
                0x000000000010cd93                rfsopen
 .text          0x000000000010d03d      0x3f2 binaries/fbctl.o
                0x000000000010d03d                fbctl
 .text          0x000000000010d42f      0x11f binaries/fbflush.o
                0x000000000010d42f                fbflush
 .text          0x000000000010d54e       0x61 binaries/fbgetc.o
                0x000000000010d54e                fbgetc
 .text          0x000000000010d5af       0x47 binaries/fbinit.o
                0x000000000010d5af                fbinit
 .text          0x000000000010d5f6       0x75 binaries/fbopen.o
                0x000000000010d5f6                fbopen
 .text          0x000000000010d66b       0x69 binaries/fbputc.o
                0x000000000010d66b                fbputc
 .text          0x000000000010d6d4        0xa binaries/fbwrite.o
                0x000000000010d6d4                fbwrite
 .text          0x000000000010d6de      0x836 binaries/arp.o
                0x000000000010d6de                arp_init
                0x000000000010d710                arp_resolve
                0x000000000010d9c4                arp_in
                0x000000000010dc7c                arp_alloc
                0x000000000010dd3c                arp_ntoh
                0x000000000010de28                arp_hton
 .text          0x000000000010df14      0x8e3 binaries/dhcp.o
                0x000000000010df14                dhcp_get_opt_val
                0x000000000010df6d                dhcp_bld_bootp_msg
                0x000000000010e07a                dhcp_bld_disc
                0x000000000010e163                dhcp_bld_req
                0x000000000010e2d5                getlocalip
 .text          0x000000000010e7f7      0x59f binaries/dns.o
                0x000000000010e7f7                dnslookup
 .text          0x000000000010ed96       0xe8 binaries/dot2ip.o
                0x000000000010ed96                dot2ip
 .text          0x000000000010ee7e      0x4c4 binaries/hexdump.o
                0x000000000010ee7e                hexdump
                0x000000000010f025                hexadump
 .text          0x000000000010f342      0x8af binaries/icmp.o
                0x000000000010f342                icmp_init
                0x000000000010f379                icmp_in
                0x000000000010f54f                icmp_register
                0x000000000010f64a                icmp_recv
                0x000000000010f7d6                icmp_send
                0x000000000010f85e                icmp_mkpkt
                0x000000000010f978                icmp_release
                0x000000000010fa76                icmp_cksum
                0x000000000010fb09                icmp_hton
                0x000000000010fb7d                icmp_ntoh
 .text          0x000000000010fbf1      0x8a5 binaries/ip.o
                0x000000000010fbf1                ip_in
                0x000000000010fd75                ip_send
                0x000000000010fed0                ip_local
                0x000000000010ff1c                ip_out
                0x0000000000110055                ipcksum
                0x00000000001100db                ip_ntoh
                0x00000000001101c7                ip_hton
                0x00000000001102b3                ipout
                0x00000000001103e2                ip_enqueue
 .text          0x0000000000110496      0x2cd binaries/net.o
                0x0000000000110496                net_init
                0x00000000001105be                netin
                0x000000000011067b                eth_hton
                0x00000000001106a5                eth_ntoh
                0x00000000001106cf                getport
 .text          0x0000000000110763     0x147f binaries/pdump.o
                0x0000000000110763                pdump
                0x0000000000111520                pdumph
 .text          0x0000000000111be2      0x613 binaries/tftp.o
                0x0000000000111be2                tftp_send1
                0x0000000000111d5a                tftpget
                0x0000000000111d8c                tftpget_mb
 .text          0x00000000001121f5      0xb82 binaries/udp.o
                0x00000000001121f5                udp_init
                0x000000000011222a                udp_in
                0x000000000011236c                udp_register
                0x00000000001124a9                udp_recv
                0x0000000000112645                udp_recvaddr
                0x00000000001127f9                udp_send
                0x00000000001129e1                udp_sendto
                0x0000000000112b92                udp_release
                0x0000000000112c8d                udp_ntoh
                0x0000000000112d02                udp_hton
 .text          0x0000000000112d77      0x13b binaries/addargs.o
                0x0000000000112d77                addargs
 .text          0x0000000000112eb2      0x2c9 binaries/lexan.o
                0x0000000000112eb2                lexan
 .text          0x000000000011317b      0x667 binaries/shell.o
                0x000000000011317b                shell
 .text          0x00000000001137e2       0x69 binaries/xsh_argecho.o
                0x00000000001137e2                xsh_argecho
 .text          0x000000000011384b      0x275 binaries/xsh_arp.o
                0x000000000011384b                xsh_arp
 .text          0x0000000000113ac0      0x275 binaries/xsh_cat.o
                0x0000000000113ac0                xsh_cat
 .text          0x0000000000113d35       0x5f binaries/xsh_clear.o
                0x0000000000113d35                xsh_clear
 .text          0x0000000000113d94      0x2ff binaries/xsh_date.o
                0x0000000000113d94                xsh_date
 .text          0x0000000000114093       0xaf binaries/xsh_devdump.o
                0x0000000000114093                xsh_devdump
 .text          0x0000000000114142       0x72 binaries/xsh_echo.o
                0x0000000000114142                xsh_echo
 .text          0x00000000001141b4        0xa binaries/xsh_exit.o
                0x00000000001141b4                xsh_exit
 .text          0x00000000001141be      0x38b binaries/xsh_help.o
                0x00000000001141be                xsh_help
 .text          0x0000000000114549      0x24e binaries/xsh_kill.o
                0x0000000000114549                xsh_kill
 .text          0x0000000000114797      0x54b binaries/xsh_memdump.o
                0x0000000000114797                xsh_memdump
 .text          0x0000000000114ce2      0x2b1 binaries/xsh_memstat.o
                0x0000000000114ce2                xsh_memstat
 .text          0x0000000000114f93      0x511 binaries/xsh_netinfo.o
                0x0000000000114f93                xsh_netinfo
 .text          0x00000000001154a4      0x498 binaries/xsh_ping.o
                0x00000000001154a4                xsh_ping
 .text          0x000000000011593c      0x307 binaries/xsh_ps.o
                0x000000000011593c                prod2
                0x00000000001159cc                cons2
                0x00000000001159d1                ring
                0x0000000000115a05                xsh_ps
 .text          0x0000000000115c43      0x22a binaries/xsh_sleep.o
                0x0000000000115c43                xsh_sleep
 .text          0x0000000000115e6d      0x27c binaries/xsh_udpdump.o
                0x0000000000115e6d                xsh_udpdump
 .text          0x00000000001160e9      0x4cc binaries/xsh_udpecho.o
                0x00000000001160e9                xsh_udpecho
 .text          0x00000000001165b5      0x2b6 binaries/xsh_udpserver.o
                0x00000000001165b5                xsh_udpeserver
 .text          0x000000000011686b      0x1f5 binaries/xsh_uptime.o
                0x000000000011686b                xsh_uptime
 .text          0x0000000000116a60        0xe binaries/clkdisp.o
                0x0000000000116a60                clkdisp
 .text          0x0000000000116a6e       0x19 binaries/ctxsw.o
                0x0000000000116a6e                ctxsw
 .text          0x0000000000116a87      0x36b binaries/intr.o
                0x0000000000116a87                disable
                0x0000000000116a90                restore
                0x0000000000116a9e                enable
                0x0000000000116aa0                pause
                0x0000000000116aa7                halt
                0x0000000000116aad                spurious_irq7
                0x0000000000116ab2                spurious_irq15
                0x0000000000116ac1                _Xint0
                0x0000000000116acc                _Xint1
                0x0000000000116ad7                _Xint2
                0x0000000000116ae2                _Xint3
                0x0000000000116aed                _Xint4
                0x0000000000116af8                _Xint5
                0x0000000000116b03                _Xint6
                0x0000000000116b0e                _Xint7
                0x0000000000116b19                _Xint8
                0x0000000000116b24                _Xint9
                0x0000000000116b2f                _Xint10
                0x0000000000116b3a                _Xint11
                0x0000000000116b48                _Xint12
                0x0000000000116b56                _Xint13
                0x0000000000116b64                _Xint14
                0x0000000000116b72                _Xint15
                0x0000000000116b80                _Xint16
                0x0000000000116b8e                _Xint17
                0x0000000000116b9c                _Xint18
                0x0000000000116baa                _Xint19
                0x0000000000116bb8                _Xint20
                0x0000000000116bc6                _Xint21
                0x0000000000116bd4                _Xint22
                0x0000000000116be2                _Xint23
                0x0000000000116bf0                _Xint24
                0x0000000000116bfe                _Xint25
                0x0000000000116c0c                _Xint26
                0x0000000000116c1a                _Xint27
                0x0000000000116c28                _Xint28
                0x0000000000116c36                _Xint29
                0x0000000000116c44                _Xint30
                0x0000000000116c52                _Xint31
                0x0000000000116c60                _Xint32
                0x0000000000116c6e                _Xint33
                0x0000000000116c7c                _Xint34
                0x0000000000116c8a                _Xint35
                0x0000000000116c98                _Xint36
                0x0000000000116ca6                _Xint37
                0x0000000000116cb4                _Xint38
                0x0000000000116cc2                _Xint39
                0x0000000000116cd0                _Xint40
                0x0000000000116cde                _Xint41
                0x0000000000116cec                _Xint42
                0x0000000000116cfa                _Xint43
                0x0000000000116d08                _Xint44
                0x0000000000116d16                _Xint45
                0x0000000000116d24                _Xint46
                0x0000000000116d32                defevec
 .text          0x0000000000116df2        0xf binaries/ttydispatch.o
                0x0000000000116df2                ttydispatch
 .text          0x0000000000116e01       0x13 binaries/ethdispatch.o
                0x0000000000116e01                ethdispatch
 *(.rodata .rodata.*)
 .rodata        0x0000000000116e14       0x8e binaries/ascdate.o
 .rodata        0x0000000000116ea2       0xae binaries/conf.o
 .rodata        0x0000000000116f50      0x22f binaries/evec.o
 *fill*         0x000000000011717f        0x1 
 .rodata        0x0000000000117180       0x61 binaries/getutime.o
 *fill*         0x00000000001171e1        0x3 
 .rodata        0x00000000001171e4       0x90 binaries/i386.o
 .rodata        0x0000000000117274      0x181 binaries/initialize.o
 *fill*         0x00000000001173f5        0x3 
 .rodata        0x00000000001173f8       0x20 binaries/kill.o
 .rodata        0x0000000000117418       0x42 binaries/main.o
 .rodata        0x000000000011745a       0x12 binaries/myhello.o
 .rodata        0x000000000011746c        0xf binaries/panic.o
 *fill*         0x000000000011747b        0x1 
 .rodata        0x000000000011747c      0x1ec binaries/pci.o
 .rodata        0x0000000000117668       0x1d binaries/ptinit.o
 *fill*         0x0000000000117685        0x3 
 .rodata        0x0000000000117688       0x25 binaries/ptsend.o
 *fill*         0x00000000001176ad        0x3 
 .rodata        0x00000000001176b0       0xb7 binaries/stacktrace.o
 *fill*         0x0000000000117767        0x1 
 .rodata        0x0000000000117768       0x27 binaries/xdone.o
 *fill*         0x000000000011778f       0x11 
 .rodata        0x00000000001177a0       0x81 binaries/ctype_.o
                0x00000000001177a0                _ctype_
 *fill*         0x0000000000117821        0x3 
 .rodata        0x0000000000117824       0xee binaries/doprnt.o
 *fill*         0x0000000000117912        0x2 
 .rodata        0x0000000000117914       0x98 binaries/doscan.o
 .rodata        0x00000000001179ac       0xae binaries/fdoprnt.o
 *fill*         0x0000000000117a5a        0x2 
 .rodata        0x0000000000117a5c       0x20 binaries/ttycontrol.o
 .rodata        0x0000000000117a7c       0x34 binaries/ttyhandler.o
 .rodata        0x0000000000117ab0       0x80 binaries/naminit.o
 .rodata        0x0000000000117b30       0x2e binaries/82545EMInit.o
 *fill*         0x0000000000117b5e        0x2 
 .rodata        0x0000000000117b60       0x78 binaries/ethinit.o
 .rodata        0x0000000000117bd8       0x18 binaries/ethread.o
 .rodata        0x0000000000117bf0       0x2c binaries/rdsbufalloc.o
 .rodata        0x0000000000117c1c       0x76 binaries/rdscomm.o
 *fill*         0x0000000000117c92        0x2 
 .rodata        0x0000000000117c94       0x48 binaries/rdscontrol.o
 .rodata        0x0000000000117cdc       0x96 binaries/rdsinit.o
 *fill*         0x0000000000117d72        0x2 
 .rodata        0x0000000000117d74       0x22 binaries/rdsopen.o
 *fill*         0x0000000000117d96        0x2 
 .rodata        0x0000000000117d98       0x4d binaries/rdsprocess.o
 .rodata        0x0000000000117de5        0x9 binaries/raminit.o
 *fill*         0x0000000000117dee        0x2 
 .rodata        0x0000000000117df0       0x37 binaries/lfdballoc.o
 .rodata        0x0000000000117e27       0x14 binaries/lfiballoc.o
 *fill*         0x0000000000117e3b        0x1 
 .rodata        0x0000000000117e3c       0x23 binaries/lflcontrol.o
 *fill*         0x0000000000117e5f        0x1 
 .rodata        0x0000000000117e60      0x11b binaries/lfsckfmt.o
 *fill*         0x0000000000117f7b        0x1 
 .rodata        0x0000000000117f7c       0x2a binaries/lfsopen.o
 *fill*         0x0000000000117fa6        0x2 
 .rodata        0x0000000000117fa8       0x21 binaries/rflread.o
 *fill*         0x0000000000117fc9        0x3 
 .rodata        0x0000000000117fcc       0x21 binaries/rflwrite.o
 *fill*         0x0000000000117fed        0x3 
 .rodata        0x0000000000117ff0       0x75 binaries/rfscomm.o
 *fill*         0x0000000000118065        0x3 
 .rodata        0x0000000000118068       0x3c binaries/rfscontrol.o
 .rodata        0x00000000001180a4       0x63 binaries/rfsinit.o
 *fill*         0x0000000000118107        0x1 
 .rodata        0x0000000000118108       0x2a binaries/rfsndmsg.o
 *fill*         0x0000000000118132        0x2 
 .rodata        0x0000000000118134       0x22 binaries/rfsopen.o
 .rodata        0x0000000000118156       0x2e binaries/fbctl.o
 .rodata        0x0000000000118184        0xb binaries/fbflush.o
 *fill*         0x000000000011818f        0x1 
 .rodata        0x0000000000118190       0x3a binaries/arp.o
 *fill*         0x00000000001181ca        0x2 
 .rodata        0x00000000001181cc       0xcf binaries/dhcp.o
 .rodata        0x000000000011829b       0x1a binaries/dns.o
 *fill*         0x00000000001182b5        0x3 
 .rodata        0x00000000001182b8       0xc9 binaries/hexdump.o
 *fill*         0x0000000000118381        0x3 
 .rodata        0x0000000000118384       0x29 binaries/icmp.o
 *fill*         0x00000000001183ad        0x3 
 .rodata        0x00000000001183b0       0x6e binaries/ip.o
 *fill*         0x000000000011841e        0x2 
 .rodata        0x0000000000118420       0x4f binaries/net.o
 *fill*         0x000000000011846f        0x1 
 .rodata        0x0000000000118470      0x26f binaries/pdump.o
 *fill*         0x00000000001186df        0x1 
 .rodata        0x00000000001186e0      0x154 binaries/tftp.o
 *fill*         0x0000000000118834        0xc 
 .rodata        0x0000000000118840      0x3c1 binaries/shell.o
                0x00000000001188c0                cmdtab
 .rodata        0x0000000000118c01       0x28 binaries/xsh_argecho.o
 *fill*         0x0000000000118c29        0x3 
 .rodata        0x0000000000118c2c      0x123 binaries/xsh_arp.o
 *fill*         0x0000000000118d4f        0x1 
 .rodata        0x0000000000118d50       0xc9 binaries/xsh_cat.o
 .rodata        0x0000000000118e19       0x19 binaries/xsh_clear.o
 *fill*         0x0000000000118e32        0x2 
 .rodata        0x0000000000118e34      0x1c3 binaries/xsh_date.o
 .rodata        0x0000000000118ff7       0x5d binaries/xsh_devdump.o
 .rodata        0x0000000000119054        0x9 binaries/xsh_echo.o
 *fill*         0x000000000011905d        0x3 
 .rodata        0x0000000000119060      0x169 binaries/xsh_help.o
 *fill*         0x00000000001191c9        0x3 
 .rodata        0x00000000001191cc      0x12e binaries/xsh_kill.o
 *fill*         0x00000000001192fa        0x2 
 .rodata        0x00000000001192fc      0x266 binaries/xsh_memdump.o
 *fill*         0x0000000000119562        0x2 
 .rodata        0x0000000000119564      0x225 binaries/xsh_memstat.o
 *fill*         0x0000000000119789        0x3 
 .rodata        0x000000000011978c      0x1b0 binaries/xsh_netinfo.o
 .rodata        0x000000000011993c      0x1a1 binaries/xsh_ping.o
 *fill*         0x0000000000119add        0x3 
 .rodata        0x0000000000119ae0      0x280 binaries/xsh_ps.o
 .rodata        0x0000000000119d60       0xeb binaries/xsh_sleep.o
 *fill*         0x0000000000119e4b        0x1 
 .rodata        0x0000000000119e4c      0x1b8 binaries/xsh_udpdump.o
 .rodata        0x000000000011a004      0x215 binaries/xsh_udpecho.o
 *fill*         0x000000000011a219        0x3 
 .rodata        0x000000000011a21c      0x12b binaries/xsh_udpserver.o
 *fill*         0x000000000011a347        0x1 
 .rodata        0x000000000011a348      0x105 binaries/xsh_uptime.o
                0x000000000011a44d                etext = ABSOLUTE (.)
                0x000000000011b000                . = ALIGN (0x1000)
 *fill*         0x000000000011a44d      0xbb3 

.eh_frame       0x000000000011b000     0x2d94
 .eh_frame      0x000000000011b000       0x38 binaries/ascdate.o
 .eh_frame      0x000000000011b038       0x20 binaries/bufinit.o
                                         0x38 (size before relaxing)
 .eh_frame      0x000000000011b058       0x20 binaries/chprio.o
                                         0x38 (size before relaxing)
 .eh_frame      0x000000000011b078       0x20 binaries/clkhandler.o
                                         0x38 (size before relaxing)
 .eh_frame      0x000000000011b098       0x20 binaries/clkinit.o
                                         0x38 (size before relaxing)
 .eh_frame      0x000000000011b0b8       0x20 binaries/close.o
                                         0x38 (size before relaxing)
 .eh_frame      0x000000000011b0d8       0x20 binaries/control.o
                                         0x38 (size before relaxing)
 .eh_frame      0x000000000011b0f8       0x40 binaries/create.o
                                         0x58 (size before relaxing)
 .eh_frame      0x000000000011b138       0x60 binaries/evec.o
                                         0x78 (size before relaxing)
 .eh_frame      0x000000000011b198       0x20 binaries/exit.o
                                         0x38 (size before relaxing)
 .eh_frame      0x000000000011b1b8       0x20 binaries/freebuf.o
                                         0x38 (size before relaxing)
 .eh_frame      0x000000000011b1d8       0x20 binaries/freemem.o
                                         0x38 (size before relaxing)
 .eh_frame      0x000000000011b1f8       0x20 binaries/getbuf.o
                                         0x38 (size before relaxing)
 .eh_frame      0x000000000011b218       0x20 binaries/getc.o
                                         0x38 (size before relaxing)
 .eh_frame      0x000000000011b238       0x20 binaries/getdev.o
                                         0x38 (size before relaxing)
 .eh_frame      0x000000000011b258       0x60 binaries/getitem.o
                                         0x78 (size before relaxing)
 .eh_frame      0x000000000011b2b8       0x20 binaries/getmem.o
                                         0x38 (size before relaxing)
 .eh_frame      0x000000000011b2d8       0x20 binaries/getpid.o
                                         0x38 (size before relaxing)
 .eh_frame      0x000000000011b2f8       0x20 binaries/getprio.o
                                         0x38 (size before relaxing)
 .eh_frame      0x000000000011b318       0x20 binaries/getstk.o
                                         0x38 (size before relaxing)
 .eh_frame      0x000000000011b338       0x20 binaries/getticks.o
                                         0x38 (size before relaxing)
 .eh_frame      0x000000000011b358       0x20 binaries/gettime.o
                                         0x38 (size before relaxing)
 .eh_frame      0x000000000011b378       0x20 binaries/getutime.o
                                         0x38 (size before relaxing)
 .eh_frame      0x000000000011b398       0x8c binaries/i386.o
                                         0xa4 (size before relaxing)
 .eh_frame      0x000000000011b424       0x20 binaries/init.o
                                         0x38 (size before relaxing)
 .eh_frame      0x000000000011b444       0xa0 binaries/initialize.o
                                         0xb8 (size before relaxing)
 .eh_frame      0x000000000011b4e4       0x20 binaries/insert.o
                                         0x38 (size before relaxing)
 .eh_frame      0x000000000011b504       0x20 binaries/insertd.o
                                         0x38 (size before relaxing)
 .eh_frame      0x000000000011b524       0x20 binaries/ioerr.o
                                         0x38 (size before relaxing)
 .eh_frame      0x000000000011b544       0x20 binaries/ionull.o
                                         0x38 (size before relaxing)
 .eh_frame      0x000000000011b564       0x20 binaries/kill.o
                                         0x38 (size before relaxing)
 .eh_frame      0x000000000011b584       0x60 binaries/kprintf.o
                                         0x78 (size before relaxing)
 .eh_frame      0x000000000011b5e4       0x24 binaries/main.o
                                         0x3c (size before relaxing)
 .eh_frame      0x000000000011b608       0x40 binaries/mark.o
                                         0x58 (size before relaxing)
 .eh_frame      0x000000000011b648       0x20 binaries/meminit.o
                                         0x38 (size before relaxing)
 .eh_frame      0x000000000011b668       0x20 binaries/mkbufpool.o
                                         0x38 (size before relaxing)
 .eh_frame      0x000000000011b688       0x20 binaries/myhello.o
                                         0x38 (size before relaxing)
 .eh_frame      0x000000000011b6a8       0x20 binaries/newqueue.o
                                         0x38 (size before relaxing)
 .eh_frame      0x000000000011b6c8       0x20 binaries/open.o
                                         0x38 (size before relaxing)
 .eh_frame      0x000000000011b6e8       0x1c binaries/panic.o
                                         0x34 (size before relaxing)
 .eh_frame      0x000000000011b704      0x1c8 binaries/pci.o
                                        0x1e0 (size before relaxing)
 .eh_frame      0x000000000011b8cc       0x20 binaries/ptclear.o
                                         0x38 (size before relaxing)
 .eh_frame      0x000000000011b8ec       0x20 binaries/ptcount.o
                                         0x38 (size before relaxing)
 .eh_frame      0x000000000011b90c       0x20 binaries/ptcreate.o
                                         0x38 (size before relaxing)
 .eh_frame      0x000000000011b92c       0x20 binaries/ptdelete.o
                                         0x38 (size before relaxing)
 .eh_frame      0x000000000011b94c       0x20 binaries/ptinit.o
                                         0x38 (size before relaxing)
 .eh_frame      0x000000000011b96c       0x20 binaries/ptrecv.o
                                         0x38 (size before relaxing)
 .eh_frame      0x000000000011b98c       0x20 binaries/ptreset.o
                                         0x38 (size before relaxing)
 .eh_frame      0x000000000011b9ac       0x20 binaries/ptsend.o
                                         0x38 (size before relaxing)
 .eh_frame      0x000000000011b9cc       0x20 binaries/putc.o
                                         0x38 (size before relaxing)
 .eh_frame      0x000000000011b9ec       0x40 binaries/queue.o
                                         0x58 (size before relaxing)
 .eh_frame      0x000000000011ba2c       0x20 binaries/read.o
                                         0x38 (size before relaxing)
 .eh_frame      0x000000000011ba4c       0x24 binaries/ready.o
                                         0x3c (size before relaxing)
 .eh_frame      0x000000000011ba70       0x20 binaries/receive.o
                                         0x38 (size before relaxing)
 .eh_frame      0x000000000011ba90       0x20 binaries/recvclr.o
                                         0x38 (size before relaxing)
 .eh_frame      0x000000000011bab0       0x20 binaries/recvtime.o
                                         0x38 (size before relaxing)
 .eh_frame      0x000000000011bad0       0x40 binaries/resched.o
                                         0x58 (size before relaxing)
 .eh_frame      0x000000000011bb10       0x20 binaries/resume.o
                                         0x38 (size before relaxing)
 .eh_frame      0x000000000011bb30       0x20 binaries/seek.o
                                         0x38 (size before relaxing)
 .eh_frame      0x000000000011bb50       0x20 binaries/semcount.o
                                         0x38 (size before relaxing)
 .eh_frame      0x000000000011bb70       0x40 binaries/semcreate.o
                                         0x58 (size before relaxing)
 .eh_frame      0x000000000011bbb0       0x20 binaries/semdelete.o
                                         0x38 (size before relaxing)
 .eh_frame      0x000000000011bbd0       0x20 binaries/semreset.o
                                         0x38 (size before relaxing)
 .eh_frame      0x000000000011bbf0       0x20 binaries/send.o
                                         0x38 (size before relaxing)
 .eh_frame      0x000000000011bc10       0x20 binaries/signal.o
                                         0x38 (size before relaxing)
 .eh_frame      0x000000000011bc30       0x20 binaries/signaln.o
                                         0x38 (size before relaxing)
 .eh_frame      0x000000000011bc50       0x40 binaries/sleep.o
                                         0x58 (size before relaxing)
 .eh_frame      0x000000000011bc90       0x20 binaries/stacktrace.o
                                         0x38 (size before relaxing)
 .eh_frame      0x000000000011bcb0       0x20 binaries/suspend.o
                                         0x38 (size before relaxing)
 .eh_frame      0x000000000011bcd0       0x20 binaries/unsleep.o
                                         0x38 (size before relaxing)
 .eh_frame      0x000000000011bcf0       0x20 binaries/userret.o
                                         0x38 (size before relaxing)
 .eh_frame      0x000000000011bd10       0x20 binaries/wait.o
                                         0x38 (size before relaxing)
 .eh_frame      0x000000000011bd30       0x20 binaries/wakeup.o
                                         0x38 (size before relaxing)
 .eh_frame      0x000000000011bd50       0x20 binaries/write.o
                                         0x38 (size before relaxing)
 .eh_frame      0x000000000011bd70       0x20 binaries/xdone.o
                                         0x38 (size before relaxing)
 .eh_frame      0x000000000011bd90       0x20 binaries/yield.o
                                         0x38 (size before relaxing)
 .eh_frame      0x000000000011bdb0       0x20 binaries/abs.o
                                         0x38 (size before relaxing)
 .eh_frame      0x000000000011bdd0       0x20 binaries/atoi.o
                                         0x38 (size before relaxing)
 .eh_frame      0x000000000011bdf0       0x20 binaries/atol.o
                                         0x38 (size before relaxing)
 .eh_frame      0x000000000011be10       0x20 binaries/bzero.o
                                         0x38 (size before relaxing)
 .eh_frame      0x000000000011be30       0xe0 binaries/doprnt.o
                                         0xf8 (size before relaxing)
 .eh_frame      0x000000000011bf10       0xb0 binaries/doscan.o
                                         0xc8 (size before relaxing)
 .eh_frame      0x000000000011bfc0       0xc0 binaries/fdoprnt.o
                                         0xd8 (size before relaxing)
 .eh_frame      0x000000000011c080       0x20 binaries/fgetc.o
                                         0x38 (size before relaxing)
 .eh_frame      0x000000000011c0a0       0x20 binaries/fgets.o
                                         0x38 (size before relaxing)
 .eh_frame      0x000000000011c0c0       0x20 binaries/fprintf.o
                                         0x38 (size before relaxing)
 .eh_frame      0x000000000011c0e0       0x20 binaries/fputc.o
                                         0x38 (size before relaxing)
 .eh_frame      0x000000000011c100       0x20 binaries/fputs.o
                                         0x38 (size before relaxing)
 .eh_frame      0x000000000011c120       0x60 binaries/fscanf.o
                                         0x78 (size before relaxing)
 .eh_frame      0x000000000011c180       0x20 binaries/getchar.o
                                         0x38 (size before relaxing)
 .eh_frame      0x000000000011c1a0       0x20 binaries/labs.o
                                         0x38 (size before relaxing)
 .eh_frame      0x000000000011c1c0       0x20 binaries/memcmp.o
                                         0x38 (size before relaxing)
 .eh_frame      0x000000000011c1e0       0x24 binaries/memcpy.o
                                         0x3c (size before relaxing)
 .eh_frame      0x000000000011c204       0x24 binaries/memset.o
                                         0x3c (size before relaxing)
 .eh_frame      0x000000000011c228       0x20 binaries/printf.o
                                         0x38 (size before relaxing)
 .eh_frame      0x000000000011c248       0x20 binaries/putchar.o
                                         0x38 (size before relaxing)
 .eh_frame      0x000000000011c268       0xa8 binaries/qsort.o
                                         0xc0 (size before relaxing)
 .eh_frame      0x000000000011c310       0x60 binaries/rand.o
                                         0x78 (size before relaxing)
 .eh_frame      0x000000000011c370       0x40 binaries/sprintf.o
                                         0x58 (size before relaxing)
 .eh_frame      0x000000000011c3b0       0x60 binaries/sscanf.o
                                         0x78 (size before relaxing)
 .eh_frame      0x000000000011c410       0x20 binaries/strchr.o
                                         0x38 (size before relaxing)
 .eh_frame      0x000000000011c430       0x20 binaries/strcmp.o
                                         0x38 (size before relaxing)
 .eh_frame      0x000000000011c450       0x20 binaries/strcpy.o
                                         0x38 (size before relaxing)
 .eh_frame      0x000000000011c470       0x20 binaries/strlen.o
                                         0x38 (size before relaxing)
 .eh_frame      0x000000000011c490       0x20 binaries/strncat.o
                                         0x38 (size before relaxing)
 .eh_frame      0x000000000011c4b0       0x20 binaries/strncmp.o
                                         0x38 (size before relaxing)
 .eh_frame      0x000000000011c4d0       0x28 binaries/strncpy.o
                                         0x40 (size before relaxing)
 .eh_frame      0x000000000011c4f8       0x20 binaries/strnlen.o
                                         0x38 (size before relaxing)
 .eh_frame      0x000000000011c518       0x20 binaries/strrchr.o
                                         0x38 (size before relaxing)
 .eh_frame      0x000000000011c538       0x20 binaries/strstr.o
                                         0x38 (size before relaxing)
 .eh_frame      0x000000000011c558       0x20 binaries/ttycontrol.o
                                         0x38 (size before relaxing)
 .eh_frame      0x000000000011c578       0x20 binaries/ttygetc.o
                                         0x38 (size before relaxing)
 .eh_frame      0x000000000011c598       0x80 binaries/ttyhandle_in.o
                                         0x98 (size before relaxing)
 .eh_frame      0x000000000011c618       0x20 binaries/ttyhandle_out.o
                                         0x38 (size before relaxing)
 .eh_frame      0x000000000011c638       0x20 binaries/ttyhandler.o
                                         0x38 (size before relaxing)
 .eh_frame      0x000000000011c658       0x20 binaries/ttyinit.o
                                         0x38 (size before relaxing)
 .eh_frame      0x000000000011c678       0x20 binaries/ttykickout.o
                                         0x38 (size before relaxing)
 .eh_frame      0x000000000011c698       0x20 binaries/ttyputc.o
                                         0x38 (size before relaxing)
 .eh_frame      0x000000000011c6b8       0x24 binaries/ttyread.o
                                         0x3c (size before relaxing)
 .eh_frame      0x000000000011c6dc       0x20 binaries/ttywrite.o
                                         0x38 (size before relaxing)
 .eh_frame      0x000000000011c6fc       0x40 binaries/mount.o
                                         0x58 (size before relaxing)
 .eh_frame      0x000000000011c73c       0x20 binaries/naminit.o
                                         0x38 (size before relaxing)
 .eh_frame      0x000000000011c75c       0x60 binaries/nammap.o
                                         0x78 (size before relaxing)
 .eh_frame      0x000000000011c7bc       0x20 binaries/namopen.o
                                         0x38 (size before relaxing)
 .eh_frame      0x000000000011c7dc      0x150 binaries/82545EMInit.o
                                        0x168 (size before relaxing)
 .eh_frame      0x000000000011c92c       0xa0 binaries/ethcontrol.o
                                         0xb8 (size before relaxing)
 .eh_frame      0x000000000011c9cc       0x80 binaries/ethhandler.o
                                         0x98 (size before relaxing)
 .eh_frame      0x000000000011ca4c       0x20 binaries/ethinit.o
                                         0x38 (size before relaxing)
 .eh_frame      0x000000000011ca6c       0x60 binaries/ethread.o
                                         0x78 (size before relaxing)
 .eh_frame      0x000000000011cacc       0x60 binaries/ethwrite.o
                                         0x78 (size before relaxing)
 .eh_frame      0x000000000011cb2c       0x20 binaries/rdsbufalloc.o
                                         0x38 (size before relaxing)
 .eh_frame      0x000000000011cb4c       0x20 binaries/rdsclose.o
                                         0x38 (size before relaxing)
 .eh_frame      0x000000000011cb6c       0x20 binaries/rdscomm.o
                                         0x38 (size before relaxing)
 .eh_frame      0x000000000011cb8c       0x20 binaries/rdscontrol.o
                                         0x38 (size before relaxing)
 .eh_frame      0x000000000011cbac       0x20 binaries/rdsinit.o
                                         0x38 (size before relaxing)
 .eh_frame      0x000000000011cbcc       0x20 binaries/rdsopen.o
                                         0x38 (size before relaxing)
 .eh_frame      0x000000000011cbec       0x1c binaries/rdsprocess.o
                                         0x34 (size before relaxing)
 .eh_frame      0x000000000011cc08       0x20 binaries/rdsread.o
                                         0x38 (size before relaxing)
 .eh_frame      0x000000000011cc28       0x20 binaries/rdswrite.o
                                         0x38 (size before relaxing)
 .eh_frame      0x000000000011cc48       0x20 binaries/ramclose.o
                                         0x38 (size before relaxing)
 .eh_frame      0x000000000011cc68       0x20 binaries/raminit.o
                                         0x38 (size before relaxing)
 .eh_frame      0x000000000011cc88       0x20 binaries/ramopen.o
                                         0x38 (size before relaxing)
 .eh_frame      0x000000000011cca8       0x20 binaries/ramread.o
                                         0x38 (size before relaxing)
 .eh_frame      0x000000000011ccc8       0x20 binaries/ramwrite.o
                                         0x38 (size before relaxing)
 .eh_frame      0x000000000011cce8       0x20 binaries/lfdballoc.o
                                         0x38 (size before relaxing)
 .eh_frame      0x000000000011cd08       0x20 binaries/lfdbfree.o
                                         0x38 (size before relaxing)
 .eh_frame      0x000000000011cd28       0x20 binaries/lfflush.o
                                         0x38 (size before relaxing)
 .eh_frame      0x000000000011cd48       0x20 binaries/lfgetmode.o
                                         0x38 (size before relaxing)
 .eh_frame      0x000000000011cd68       0x20 binaries/lfiballoc.o
                                         0x38 (size before relaxing)
 .eh_frame      0x000000000011cd88       0x20 binaries/lfibclear.o
                                         0x38 (size before relaxing)
 .eh_frame      0x000000000011cda8       0x20 binaries/lfibget.o
                                         0x38 (size before relaxing)
 .eh_frame      0x000000000011cdc8       0x20 binaries/lfibput.o
                                         0x38 (size before relaxing)
 .eh_frame      0x000000000011cde8       0x20 binaries/lflclose.o
                                         0x38 (size before relaxing)
 .eh_frame      0x000000000011ce08       0x20 binaries/lflcontrol.o
                                         0x38 (size before relaxing)
 .eh_frame      0x000000000011ce28       0x20 binaries/lflgetc.o
                                         0x38 (size before relaxing)
 .eh_frame      0x000000000011ce48       0x20 binaries/lflinit.o
                                         0x38 (size before relaxing)
 .eh_frame      0x000000000011ce68       0x20 binaries/lflputc.o
                                         0x38 (size before relaxing)
 .eh_frame      0x000000000011ce88       0x20 binaries/lflread.o
                                         0x38 (size before relaxing)
 .eh_frame      0x000000000011cea8       0x20 binaries/lflseek.o
                                         0x38 (size before relaxing)
 .eh_frame      0x000000000011cec8       0x20 binaries/lflwrite.o
                                         0x38 (size before relaxing)
 .eh_frame      0x000000000011cee8       0x20 binaries/lfscheck.o
                                         0x38 (size before relaxing)
 .eh_frame      0x000000000011cf08       0x20 binaries/lfsckfmt.o
                                         0x38 (size before relaxing)
 .eh_frame      0x000000000011cf28       0x20 binaries/lfscreate.o
                                         0x38 (size before relaxing)
 .eh_frame      0x000000000011cf48       0x20 binaries/lfsetup.o
                                         0x38 (size before relaxing)
 .eh_frame      0x000000000011cf68       0x20 binaries/lfsinit.o
                                         0x38 (size before relaxing)
 .eh_frame      0x000000000011cf88       0x20 binaries/lfsopen.o
                                         0x38 (size before relaxing)
 .eh_frame      0x000000000011cfa8       0x20 binaries/lftruncate.o
                                         0x38 (size before relaxing)
 .eh_frame      0x000000000011cfc8       0x20 binaries/rflclose.o
                                         0x38 (size before relaxing)
 .eh_frame      0x000000000011cfe8       0x20 binaries/rflgetc.o
                                         0x38 (size before relaxing)
 .eh_frame      0x000000000011d008       0x20 binaries/rflinit.o
                                         0x38 (size before relaxing)
 .eh_frame      0x000000000011d028       0x20 binaries/rflputc.o
                                         0x38 (size before relaxing)
 .eh_frame      0x000000000011d048       0x20 binaries/rflread.o
                                         0x38 (size before relaxing)
 .eh_frame      0x000000000011d068       0x20 binaries/rflseek.o
                                         0x38 (size before relaxing)
 .eh_frame      0x000000000011d088       0x20 binaries/rflwrite.o
                                         0x38 (size before relaxing)
 .eh_frame      0x000000000011d0a8       0x20 binaries/rfscomm.o
                                         0x38 (size before relaxing)
 .eh_frame      0x000000000011d0c8       0x20 binaries/rfscontrol.o
                                         0x38 (size before relaxing)
 .eh_frame      0x000000000011d0e8       0x20 binaries/rfsgetmode.o
                                         0x38 (size before relaxing)
 .eh_frame      0x000000000011d108       0x20 binaries/rfsinit.o
                                         0x38 (size before relaxing)
 .eh_frame      0x000000000011d128       0x20 binaries/rfsndmsg.o
                                         0x38 (size before relaxing)
 .eh_frame      0x000000000011d148       0x20 binaries/rfsopen.o
                                         0x38 (size before relaxing)
 .eh_frame      0x000000000011d168       0x20 binaries/fbctl.o
                                         0x38 (size before relaxing)
 .eh_frame      0x000000000011d188       0x20 binaries/fbflush.o
                                         0x38 (size before relaxing)
 .eh_frame      0x000000000011d1a8       0x20 binaries/fbgetc.o
                                         0x38 (size before relaxing)
 .eh_frame      0x000000000011d1c8       0x20 binaries/fbinit.o
                                         0x38 (size before relaxing)
 .eh_frame      0x000000000011d1e8       0x20 binaries/fbopen.o
                                         0x38 (size before relaxing)
 .eh_frame      0x000000000011d208       0x20 binaries/fbputc.o
                                         0x38 (size before relaxing)
 .eh_frame      0x000000000011d228       0x20 binaries/fbwrite.o
                                         0x38 (size before relaxing)
 .eh_frame      0x000000000011d248       0xc0 binaries/arp.o
                                         0xd8 (size before relaxing)
 .eh_frame      0x000000000011d308       0xa0 binaries/dhcp.o
                                         0xb8 (size before relaxing)
 .eh_frame      0x000000000011d3a8       0x80 binaries/dns.o
                                         0x98 (size before relaxing)
 .eh_frame      0x000000000011d428       0x20 binaries/dot2ip.o
                                         0x38 (size before relaxing)
 .eh_frame      0x000000000011d448       0x40 binaries/hexdump.o
                                         0x58 (size before relaxing)
 .eh_frame      0x000000000011d488      0x14c binaries/icmp.o
                                        0x164 (size before relaxing)
 .eh_frame      0x000000000011d5d4      0x11c binaries/ip.o
                                        0x134 (size before relaxing)
 .eh_frame      0x000000000011d6f0       0xa0 binaries/net.o
                                         0xb8 (size before relaxing)
 .eh_frame      0x000000000011d790       0x60 binaries/pdump.o
                                         0x78 (size before relaxing)
 .eh_frame      0x000000000011d7f0       0x60 binaries/tftp.o
                                         0x78 (size before relaxing)
 .eh_frame      0x000000000011d850      0x140 binaries/udp.o
                                        0x158 (size before relaxing)
 .eh_frame      0x000000000011d990       0x20 binaries/addargs.o
                                         0x38 (size before relaxing)
 .eh_frame      0x000000000011d9b0       0x20 binaries/lexan.o
                                         0x38 (size before relaxing)
 .eh_frame      0x000000000011d9d0       0x20 binaries/shell.o
                                         0x38 (size before relaxing)
 .eh_frame      0x000000000011d9f0       0x20 binaries/xsh_argecho.o
                                         0x38 (size before relaxing)
 .eh_frame      0x000000000011da10       0x40 binaries/xsh_arp.o
                                         0x58 (size before relaxing)
 .eh_frame      0x000000000011da50       0x20 binaries/xsh_cat.o
                                         0x38 (size before relaxing)
 .eh_frame      0x000000000011da70       0x20 binaries/xsh_clear.o
                                         0x38 (size before relaxing)
 .eh_frame      0x000000000011da90       0x20 binaries/xsh_date.o
                                         0x38 (size before relaxing)
 .eh_frame      0x000000000011dab0       0x20 binaries/xsh_devdump.o
                                         0x38 (size before relaxing)
 .eh_frame      0x000000000011dad0       0x20 binaries/xsh_echo.o
                                         0x38 (size before relaxing)
 .eh_frame      0x000000000011daf0       0x20 binaries/xsh_exit.o
                                         0x38 (size before relaxing)
 .eh_frame      0x000000000011db10       0x20 binaries/xsh_help.o
                                         0x38 (size before relaxing)
 .eh_frame      0x000000000011db30       0x20 binaries/xsh_kill.o
                                         0x38 (size before relaxing)
 .eh_frame      0x000000000011db50       0x40 binaries/xsh_memdump.o
                                         0x58 (size before relaxing)
 .eh_frame      0x000000000011db90       0x60 binaries/xsh_memstat.o
                                         0x78 (size before relaxing)
 .eh_frame      0x000000000011dbf0       0x30 binaries/xsh_netinfo.o
                                         0x48 (size before relaxing)
 .eh_frame      0x000000000011dc20       0x24 binaries/xsh_ping.o
                                         0x3c (size before relaxing)
 .eh_frame      0x000000000011dc44       0x9c binaries/xsh_ps.o
                                         0xb4 (size before relaxing)
 .eh_frame      0x000000000011dce0       0x20 binaries/xsh_sleep.o
                                         0x38 (size before relaxing)
 .eh_frame      0x000000000011dd00       0x20 binaries/xsh_udpdump.o
                                         0x38 (size before relaxing)
 .eh_frame      0x000000000011dd20       0x30 binaries/xsh_udpecho.o
                                         0x48 (size before relaxing)
 .eh_frame      0x000000000011dd50       0x24 binaries/xsh_udpserver.o
                                         0x3c (size before relaxing)
 .eh_frame      0x000000000011dd74       0x20 binaries/xsh_uptime.o
                                         0x38 (size before relaxing)

.iplt           0x000000000011dda0        0x0
 .iplt          0x000000000011dda0        0x0 binaries/start.o

.rel.dyn        0x000000000011dd94        0x0
 .rel.iplt      0x000000000011dd94        0x0 binaries/start.o
 .rel.text      0x000000000011dd94        0x0 binaries/start.o
 .rel.data      0x000000000011dd94        0x0 binaries/start.o
 .rel.rodata    0x000000000011dd94        0x0 binaries/start.o

.data           0x000000000011dda0     0x1260
                0x000000000011dda0                data = ABSOLUTE (.)
 *(.data .data.*)
 .data          0x000000000011dda0      0x460 binaries/start.o
                0x000000000011dda0                gdt
                0x000000000011dde0                gdtr
                0x000000000011dde6                idt
                0x000000000011e1e6                idtr
                0x000000000011e1ec                cpudelay
                0x000000000011e1f0                _bootdev
                0x000000000011e1f4                _cyloffset
 .data          0x000000000011e200       0x88 binaries/ascdate.o
                0x000000000011e200                Date
 .data          0x000000000011e288        0x0 binaries/bufinit.o
 .data          0x000000000011e288        0x0 binaries/chprio.o
 .data          0x000000000011e288        0x4 binaries/clkhandler.o
 .data          0x000000000011e28c        0x0 binaries/clkinit.o
 .data          0x000000000011e28c        0x0 binaries/close.o
 *fill*         0x000000000011e28c       0x14 
 .data          0x000000000011e2a0      0x5a0 binaries/conf.o
                0x000000000011e2a0                devtab
 .data          0x000000000011e840        0x0 binaries/control.o
 .data          0x000000000011e840        0x4 binaries/create.o
 *fill*         0x000000000011e844       0x1c 
 .data          0x000000000011e860       0x40 binaries/evec.o
                0x000000000011e860                inames
 .data          0x000000000011e8a0        0x0 binaries/exit.o
 .data          0x000000000011e8a0        0x0 binaries/freebuf.o
 .data          0x000000000011e8a0        0x0 binaries/freemem.o
 .data          0x000000000011e8a0        0x0 binaries/getbuf.o
 .data          0x000000000011e8a0        0x0 binaries/getc.o
 .data          0x000000000011e8a0        0x0 binaries/getdev.o
 .data          0x000000000011e8a0        0x0 binaries/getitem.o
 .data          0x000000000011e8a0        0x0 binaries/getmem.o
 .data          0x000000000011e8a0        0x0 binaries/getpid.o
 .data          0x000000000011e8a0        0x0 binaries/getprio.o
 .data          0x000000000011e8a0        0x0 binaries/getstk.o
 .data          0x000000000011e8a0        0x0 binaries/getticks.o
 .data          0x000000000011e8a0        0x0 binaries/gettime.o
 .data          0x000000000011e8a0        0x0 binaries/getutime.o
 .data          0x000000000011e8a0       0x40 binaries/i386.o
                0x000000000011e8a0                gdt_copy
[...]
 .comment       0x000000000000001d       0x1e binaries/addargs.o
 .comment       0x000000000000001d       0x1e binaries/lexan.o
 .comment       0x000000000000001d       0x1e binaries/shell.o
 .comment       0x000000000000001d       0x1e binaries/xsh_argecho.o
 .comment       0x000000000000001d       0x1e binaries/xsh_arp.o
 .comment       0x000000000000001d       0x1e binaries/xsh_cat.o
 .comment       0x000000000000001d       0x1e binaries/xsh_clear.o
 .comment       0x000000000000001d       0x1e binaries/xsh_date.o
 .comment       0x000000000000001d       0x1e binaries/xsh_devdump.o
 .comment       0x000000000000001d       0x1e binaries/xsh_echo.o
 .comment       0x000000000000001d       0x1e binaries/xsh_exit.o
 .comment       0x000000000000001d       0x1e binaries/xsh_help.o
 .comment       0x000000000000001d       0x1e binaries/xsh_kill.o
 .comment       0x000000000000001d       0x1e binaries/xsh_memdump.o
 .comment       0x000000000000001d       0x1e binaries/xsh_memstat.o
 .comment       0x000000000000001d       0x1e binaries/xsh_netinfo.o
 .comment       0x000000000000001d       0x1e binaries/xsh_ping.o
 .comment       0x000000000000001d       0x1e binaries/xsh_ps.o
 .comment       0x000000000000001d       0x1e binaries/xsh_sleep.o
 .comment       0x000000000000001d       0x1e binaries/xsh_udpdump.o
 .comment       0x000000000000001d       0x1e binaries/xsh_udpecho.o
 .comment       0x000000000000001d       0x1e binaries/xsh_udpserver.o
 .comment       0x000000000000001d       0x1e binaries/xsh_uptime.o

.note.GNU-stack
                0x0000000000000000        0x0
 .note.GNU-stack
                0x0000000000000000        0x0 binaries/ascdate.o
 .note.GNU-stack
                0x0000000000000000        0x0 binaries/bufinit.o
 .note.GNU-stack
                0x0000000000000000        0x0 binaries/chprio.o
 .note.GNU-stack
                0x0000000000000000        0x0 binaries/clkhandler.o
 .note.GNU-stack
                0x0000000000000000        0x0 binaries/clkinit.o
 .note.GNU-stack
                0x0000000000000000        0x0 binaries/close.o
 .note.GNU-stack
                0x0000000000000000        0x0 binaries/conf.o
 .note.GNU-stack
                0x0000000000000000        0x0 binaries/control.o
 .note.GNU-stack
                0x0000000000000000        0x0 binaries/create.o
 .note.GNU-stack
                0x0000000000000000        0x0 binaries/evec.o
 .note.GNU-stack
                0x0000000000000000        0x0 binaries/exit.o
 .note.GNU-stack
                0x0000000000000000        0x0 binaries/freebuf.o
 .note.GNU-stack
                0x0000000000000000        0x0 binaries/freemem.o
 .note.GNU-stack
                0x0000000000000000        0x0 binaries/getbuf.o
 .note.GNU-stack
                0x0000000000000000        0x0 binaries/getc.o
 .note.GNU-stack
                0x0000000000000000        0x0 binaries/getdev.o
 .note.GNU-stack
                0x0000000000000000        0x0 binaries/getitem.o
 .note.GNU-stack
                0x0000000000000000        0x0 binaries/getmem.o
 .note.GNU-stack
                0x0000000000000000        0x0 binaries/getpid.o
 .note.GNU-stack
                0x0000000000000000        0x0 binaries/getprio.o
 .note.GNU-stack
                0x0000000000000000        0x0 binaries/getstk.o
 .note.GNU-stack
                0x0000000000000000        0x0 binaries/getticks.o
 .note.GNU-stack
                0x0000000000000000        0x0 binaries/gettime.o
 .note.GNU-stack
                0x0000000000000000        0x0 binaries/getutime.o
 .note.GNU-stack
                0x0000000000000000        0x0 binaries/i386.o
 .note.GNU-stack
                0x0000000000000000        0x0 binaries/init.o
 .note.GNU-stack
                0x0000000000000000        0x0 binaries/initialize.o
 .note.GNU-stack
                0x0000000000000000        0x0 binaries/insert.o
 .note.GNU-stack
                0x0000000000000000        0x0 binaries/insertd.o
 .note.GNU-stack
                0x0000000000000000        0x0 binaries/ioerr.o
 .note.GNU-stack
                0x0000000000000000        0x0 binaries/ionull.o
 .note.GNU-stack
                0x0000000000000000        0x0 binaries/kill.o
 .note.GNU-stack
                0x0000000000000000        0x0 binaries/kprintf.o
 .note.GNU-stack
                0x0000000000000000        0x0 binaries/main.o
 .note.GNU-stack
                0x0000000000000000        0x0 binaries/mark.o
 .note.GNU-stack
                0x0000000000000000        0x0 binaries/meminit.o
 .note.GNU-stack
                0x0000000000000000        0x0 binaries/mkbufpool.o
 .note.GNU-stack
                0x0000000000000000        0x0 binaries/myhello.o
 .note.GNU-stack
                0x0000000000000000        0x0 binaries/newqueue.o
 .note.GNU-stack
                0x0000000000000000        0x0 binaries/open.o
 .note.GNU-stack
                0x0000000000000000        0x0 binaries/panic.o
 .note.GNU-stack
                0x0000000000000000        0x0 binaries/pci.o
 .note.GNU-stack
                0x0000000000000000        0x0 binaries/ptclear.o
 .note.GNU-stack
                0x0000000000000000        0x0 binaries/ptcount.o
 .note.GNU-stack
                0x0000000000000000        0x0 binaries/ptcreate.o
 .note.GNU-stack
                0x0000000000000000        0x0 binaries/ptdelete.o
 .note.GNU-stack
                0x0000000000000000        0x0 binaries/ptinit.o
 .note.GNU-stack
                0x0000000000000000        0x0 binaries/ptrecv.o
 .note.GNU-stack
                0x0000000000000000        0x0 binaries/ptreset.o
 .note.GNU-stack
                0x0000000000000000        0x0 binaries/ptsend.o
 .note.GNU-stack
                0x0000000000000000        0x0 binaries/putc.o
 .note.GNU-stack
                0x0000000000000000        0x0 binaries/queue.o
 .note.GNU-stack
                0x0000000000000000        0x0 binaries/read.o
 .note.GNU-stack
                0x0000000000000000        0x0 binaries/ready.o
 .note.GNU-stack
                0x0000000000000000        0x0 binaries/receive.o
 .note.GNU-stack
                0x0000000000000000        0x0 binaries/recvclr.o
 .note.GNU-stack
                0x0000000000000000        0x0 binaries/recvtime.o
 .note.GNU-stack
                0x0000000000000000        0x0 binaries/resched.o
 .note.GNU-stack
                0x0000000000000000        0x0 binaries/resume.o
 .note.GNU-stack
                0x0000000000000000        0x0 binaries/seek.o
 .note.GNU-stack
                0x0000000000000000        0x0 binaries/semcount.o
 .note.GNU-stack
                0x0000000000000000        0x0 binaries/semcreate.o
 .note.GNU-stack
                0x0000000000000000        0x0 binaries/semdelete.o
 .note.GNU-stack
                0x0000000000000000        0x0 binaries/semreset.o
 .note.GNU-stack
                0x0000000000000000        0x0 binaries/send.o
 .note.GNU-stack
                0x0000000000000000        0x0 binaries/signal.o
 .note.GNU-stack
                0x0000000000000000        0x0 binaries/signaln.o
 .note.GNU-stack
                0x0000000000000000        0x0 binaries/sleep.o
 .note.GNU-stack
                0x0000000000000000        0x0 binaries/stacktrace.o
 .note.GNU-stack
                0x0000000000000000        0x0 binaries/suspend.o
 .note.GNU-stack
                0x0000000000000000        0x0 binaries/unsleep.o
 .note.GNU-stack
                0x0000000000000000        0x0 binaries/userret.o
 .note.GNU-stack
                0x0000000000000000        0x0 binaries/wait.o
 .note.GNU-stack
                0x0000000000000000        0x0 binaries/wakeup.o
 .note.GNU-stack
                0x0000000000000000        0x0 binaries/write.o
 .note.GNU-stack
                0x0000000000000000        0x0 binaries/xdone.o
 .note.GNU-stack
                0x0000000000000000        0x0 binaries/yield.o
 .note.GNU-stack
                0x0000000000000000        0x0 binaries/abs.o
 .note.GNU-stack
                0x0000000000000000        0x0 binaries/atoi.o
 .note.GNU-stack
                0x0000000000000000        0x0 binaries/atol.o
 .note.GNU-stack
                0x0000000000000000        0x0 binaries/bzero.o
 .note.GNU-stack
                0x0000000000000000        0x0 binaries/ctype_.o
 .note.GNU-stack
                0x0000000000000000        0x0 binaries/doprnt.o
 .note.GNU-stack
                0x0000000000000000        0x0 binaries/doscan.o
 .note.GNU-stack
                0x0000000000000000        0x0 binaries/fdoprnt.o
 .note.GNU-stack
                0x0000000000000000        0x0 binaries/fgetc.o
 .note.GNU-stack
                0x0000000000000000        0x0 binaries/fgets.o
 .note.GNU-stack
                0x0000000000000000        0x0 binaries/fprintf.o
 .note.GNU-stack
                0x0000000000000000        0x0 binaries/fputc.o
 .note.GNU-stack
                0x0000000000000000        0x0 binaries/fputs.o
 .note.GNU-stack
                0x0000000000000000        0x0 binaries/fscanf.o
 .note.GNU-stack
                0x0000000000000000        0x0 binaries/getchar.o
 .note.GNU-stack
                0x0000000000000000        0x0 binaries/labs.o
 .note.GNU-stack
                0x0000000000000000        0x0 binaries/memchr.o
 .note.GNU-stack
                0x0000000000000000        0x0 binaries/memcmp.o
 .note.GNU-stack
                0x0000000000000000        0x0 binaries/memcpy.o
 .note.GNU-stack
                0x0000000000000000        0x0 binaries/memset.o
 .note.GNU-stack
                0x0000000000000000        0x0 binaries/printf.o
 .note.GNU-stack
                0x0000000000000000        0x0 binaries/putchar.o
 .note.GNU-stack
                0x0000000000000000        0x0 binaries/qsort.o
 .note.GNU-stack
                0x0000000000000000        0x0 binaries/rand.o
 .note.GNU-stack
                0x0000000000000000        0x0 binaries/sprintf.o
 .note.GNU-stack
                0x0000000000000000        0x0 binaries/sscanf.o
 .note.GNU-stack
                0x0000000000000000        0x0 binaries/strchr.o
 .note.GNU-stack
                0x0000000000000000        0x0 binaries/strcmp.o
 .note.GNU-stack
                0x0000000000000000        0x0 binaries/strcpy.o
 .note.GNU-stack
                0x0000000000000000        0x0 binaries/strlen.o
 .note.GNU-stack
                0x0000000000000000        0x0 binaries/strncat.o
 .note.GNU-stack
                0x0000000000000000        0x0 binaries/strncmp.o
 .note.GNU-stack
                0x0000000000000000        0x0 binaries/strncpy.o
 .note.GNU-stack
                0x0000000000000000        0x0 binaries/strnlen.o
 .note.GNU-stack
                0x0000000000000000        0x0 binaries/strrchr.o
 .note.GNU-stack
                0x0000000000000000        0x0 binaries/strstr.o
 .note.GNU-stack
                0x0000000000000000        0x0 binaries/ttycontrol.o
 .note.GNU-stack
                0x0000000000000000        0x0 binaries/ttygetc.o
 .note.GNU-stack
                0x0000000000000000        0x0 binaries/ttyhandle_in.o
 .note.GNU-stack
                0x0000000000000000        0x0 binaries/ttyhandle_out.o
 .note.GNU-stack
                0x0000000000000000        0x0 binaries/ttyhandler.o
 .note.GNU-stack
                0x0000000000000000        0x0 binaries/ttyinit.o
 .note.GNU-stack
                0x0000000000000000        0x0 binaries/ttykickout.o
 .note.GNU-stack
                0x0000000000000000        0x0 binaries/ttyputc.o
 .note.GNU-stack
                0x0000000000000000        0x0 binaries/ttyread.o
 .note.GNU-stack
                0x0000000000000000        0x0 binaries/ttywrite.o
 .note.GNU-stack
                0x0000000000000000        0x0 binaries/mount.o
 .note.GNU-stack
                0x0000000000000000        0x0 binaries/naminit.o
 .note.GNU-stack
                0x0000000000000000        0x0 binaries/nammap.o
 .note.GNU-stack
                0x0000000000000000        0x0 binaries/namopen.o
 .note.GNU-stack
                0x0000000000000000        0x0 binaries/82545EMInit.o
 .note.GNU-stack
                0x0000000000000000        0x0 binaries/ethcontrol.o
 .note.GNU-stack
                0x0000000000000000        0x0 binaries/ethhandler.o
 .note.GNU-stack
                0x0000000000000000        0x0 binaries/ethinit.o
 .note.GNU-stack
                0x0000000000000000        0x0 binaries/ethread.o
 .note.GNU-stack
                0x0000000000000000        0x0 binaries/ethwrite.o
 .note.GNU-stack
                0x0000000000000000        0x0 binaries/rdsbufalloc.o
 .note.GNU-stack
                0x0000000000000000        0x0 binaries/rdsclose.o
 .note.GNU-stack
                0x0000000000000000        0x0 binaries/rdscomm.o
 .note.GNU-stack
                0x0000000000000000        0x0 binaries/rdscontrol.o
 .note.GNU-stack
                0x0000000000000000        0x0 binaries/rdsinit.o
 .note.GNU-stack
                0x0000000000000000        0x0 binaries/rdsopen.o
 .note.GNU-stack
                0x0000000000000000        0x0 binaries/rdsprocess.o
 .note.GNU-stack
                0x0000000000000000        0x0 binaries/rdsread.o
 .note.GNU-stack
                0x0000000000000000        0x0 binaries/rdswrite.o
 .note.GNU-stack
                0x0000000000000000        0x0 binaries/ramclose.o
 .note.GNU-stack
                0x0000000000000000        0x0 binaries/raminit.o
 .note.GNU-stack
                0x0000000000000000        0x0 binaries/ramopen.o
 .note.GNU-stack
                0x0000000000000000        0x0 binaries/ramread.o
 .note.GNU-stack
                0x0000000000000000        0x0 binaries/ramwrite.o
 .note.GNU-stack
                0x0000000000000000        0x0 binaries/lfdballoc.o
 .note.GNU-stack
                0x0000000000000000        0x0 binaries/lfdbfree.o
 .note.GNU-stack
                0x0000000000000000        0x0 binaries/lfflush.o
 .note.GNU-stack
                0x0000000000000000        0x0 binaries/lfgetmode.o
 .note.GNU-stack
                0x0000000000000000        0x0 binaries/lfiballoc.o
 .note.GNU-stack
                0x0000000000000000        0x0 binaries/lfibclear.o
 .note.GNU-stack
                0x0000000000000000        0x0 binaries/lfibget.o
 .note.GNU-stack
                0x0000000000000000        0x0 binaries/lfibput.o
 .note.GNU-stack
                0x0000000000000000        0x0 binaries/lflclose.o
 .note.GNU-stack
                0x0000000000000000        0x0 binaries/lflcontrol.o
 .note.GNU-stack
                0x0000000000000000        0x0 binaries/lflgetc.o
 .note.GNU-stack
                0x0000000000000000        0x0 binaries/lflinit.o
 .note.GNU-stack
                0x0000000000000000        0x0 binaries/lflputc.o
 .note.GNU-stack
                0x0000000000000000        0x0 binaries/lflread.o
 .note.GNU-stack
                0x0000000000000000        0x0 binaries/lflseek.o
 .note.GNU-stack
                0x0000000000000000        0x0 binaries/lflwrite.o
 .note.GNU-stack
                0x0000000000000000        0x0 binaries/lfscheck.o
 .note.GNU-stack
                0x0000000000000000        0x0 binaries/lfsckfmt.o
 .note.GNU-stack
                0x0000000000000000        0x0 binaries/lfscreate.o
 .note.GNU-stack
                0x0000000000000000        0x0 binaries/lfsetup.o
 .note.GNU-stack
                0x0000000000000000        0x0 binaries/lfsinit.o
 .note.GNU-stack
                0x0000000000000000        0x0 binaries/lfsopen.o
 .note.GNU-stack
                0x0000000000000000        0x0 binaries/lftruncate.o
 .note.GNU-stack
                0x0000000000000000        0x0 binaries/rflclose.o
 .note.GNU-stack
                0x0000000000000000        0x0 binaries/rflgetc.o
 .note.GNU-stack
                0x0000000000000000        0x0 binaries/rflinit.o
 .note.GNU-stack
                0x0000000000000000        0x0 binaries/rflputc.o
 .note.GNU-stack
                0x0000000000000000        0x0 binaries/rflread.o
 .note.GNU-stack
                0x0000000000000000        0x0 binaries/rflseek.o
 .note.GNU-stack
                0x0000000000000000        0x0 binaries/rflwrite.o
 .note.GNU-stack
                0x0000000000000000        0x0 binaries/rfscomm.o
 .note.GNU-stack
                0x0000000000000000        0x0 binaries/rfscontrol.o
 .note.GNU-stack
                0x0000000000000000        0x0 binaries/rfsgetmode.o
 .note.GNU-stack
                0x0000000000000000        0x0 binaries/rfsinit.o
 .note.GNU-stack
                0x0000000000000000        0x0 binaries/rfsndmsg.o
 .note.GNU-stack
                0x0000000000000000        0x0 binaries/rfsopen.o
 .note.GNU-stack
                0x0000000000000000        0x0 binaries/fbctl.o
 .note.GNU-stack
                0x0000000000000000        0x0 binaries/fbflush.o
 .note.GNU-stack
                0x0000000000000000        0x0 binaries/fbgetc.o
 .note.GNU-stack
                0x0000000000000000        0x0 binaries/fbinit.o
 .note.GNU-stack
                0x0000000000000000        0x0 binaries/fbopen.o
 .note.GNU-stack
                0x0000000000000000        0x0 binaries/fbputc.o
 .note.GNU-stack
                0x0000000000000000        0x0 binaries/fbwrite.o
 .note.GNU-stack
                0x0000000000000000        0x0 binaries/arp.o
 .note.GNU-stack
                0x0000000000000000        0x0 binaries/dhcp.o
 .note.GNU-stack
                0x0000000000000000        0x0 binaries/dns.o
 .note.GNU-stack
                0x0000000000000000        0x0 binaries/dot2ip.o
 .note.GNU-stack
                0x0000000000000000        0x0 binaries/hexdump.o
 .note.GNU-stack
                0x0000000000000000        0x0 binaries/icmp.o
 .note.GNU-stack
                0x0000000000000000        0x0 binaries/ip.o
 .note.GNU-stack
                0x0000000000000000        0x0 binaries/net.o
 .note.GNU-stack
                0x0000000000000000        0x0 binaries/pdump.o
 .note.GNU-stack
                0x0000000000000000        0x0 binaries/tftp.o
 .note.GNU-stack
                0x0000000000000000        0x0 binaries/udp.o
 .note.GNU-stack
                0x0000000000000000        0x0 binaries/addargs.o
 .note.GNU-stack
                0x0000000000000000        0x0 binaries/lexan.o
 .note.GNU-stack
                0x0000000000000000        0x0 binaries/shell.o
 .note.GNU-stack
                0x0000000000000000        0x0 binaries/xsh_argecho.o
 .note.GNU-stack
                0x0000000000000000        0x0 binaries/xsh_arp.o
 .note.GNU-stack
                0x0000000000000000        0x0 binaries/xsh_cat.o
 .note.GNU-stack
                0x0000000000000000        0x0 binaries/xsh_clear.o
 .note.GNU-stack
                0x0000000000000000        0x0 binaries/xsh_date.o
 .note.GNU-stack
                0x0000000000000000        0x0 binaries/xsh_devdump.o
 .note.GNU-stack
                0x0000000000000000        0x0 binaries/xsh_echo.o
 .note.GNU-stack
                0x0000000000000000        0x0 binaries/xsh_exit.o
 .note.GNU-stack
                0x0000000000000000        0x0 binaries/xsh_help.o
 .note.GNU-stack
                0x0000000000000000        0x0 binaries/xsh_kill.o
 .note.GNU-stack
                0x0000000000000000        0x0 binaries/xsh_memdump.o
 .note.GNU-stack
                0x0000000000000000        0x0 binaries/xsh_memstat.o
 .note.GNU-stack
                0x0000000000000000        0x0 binaries/xsh_netinfo.o
 .note.GNU-stack
                0x0000000000000000        0x0 binaries/xsh_ping.o
 .note.GNU-stack
                0x0000000000000000        0x0 binaries/xsh_ps.o
 .note.GNU-stack
                0x0000000000000000        0x0 binaries/xsh_sleep.o
 .note.GNU-stack
                0x0000000000000000        0x0 binaries/xsh_udpdump.o
 .note.GNU-stack
                0x0000000000000000        0x0 binaries/xsh_udpecho.o
 .note.GNU-stack
                0x0000000000000000        0x0 binaries/xsh_udpserver.o
 .note.GNU-stack
                0x0000000000000000        0x0 binaries/xsh_uptime.o
